]0;/home/rstudio/rstudio/dgolicher.github.iorstudio@ab10bc041bf7:~/rstudio/dgolicher.github.io$ [Krstudio@ab10bc041bf7:~/rstudio/dgolicher.github.io$ git clone https://github.com/ddgolicher/dgolicher.github.io.git[A[C[C[C[C[C[C[C[C[C[C[C[C[C[C[C[C[C[C[Cls[K
[K[A[C[C[C[C[C[C[C[C[C[C[C[C[C[C[C[C[C[C[C[C[C[C[C[C[C[C[C[C[C[C[C[C[C[C[C[C[C[C[C[C[C[C[C[C[C[C[C[C[C[C[C[C[C[Ccd rstudiols[Kcd ..sudo chmod -R 777 /home/viki[8Padduser neyriosgit push -u origin mastercommit -m "Heuristic modellling rpub page"[A[C[C[C[C[C[C[C[C[C[C[C[C[C[C[C[C[C[C[C[C[C[C[C[C[C[C[C[C[C[C[C[C[C[C[C[C[C[C[C[Cadd .[K
[K[A[C[C[C[C[C[C[C[C[C[C[C[C[C[C[C[C[C[C[C[C[C[C[C[C[C[C[C[C[C[C[C[C[C[C[C[C[C[C[C[C[C[C[C[C[C[C[C[C[C[C[C[C[C[C[C[C[C[C[C[C[Cpush -u origin mastercommit -m "Heuristic modellling rpub page"[A[C[C[C[C[C[C[C[C[C[C[C[C[C[C[C[C[C[C[C[C[C[C[C[C[C[C[C[C[C[C[C[C[C[C[C[C[C[C[C[Cadd .[K
[K[A[C[C[C[C[C[C[C[C[C[C[C[C[C[C[C[C[C[C[C[C[C[C[C[C[C[C[C[C[C[C[C[C[C[C[C[C[C[C[C[C[C[C[C[C[C[C[C[C[C[C[C[C[C[C[C[C[C[C[C[C[Cpush -u origin mastercommit -m "Heuristic modellling rpub page"[A[C[C[C[C[C[C[C[C[C[C[C[C[C[C[C[C[C[C[C[C[C[C[C[C[C[C[C[C[C[C[C[C[C[C[C[C[C[C[C[Cadd .[K
[K[A[C[C[C[C[C[C[C[C[C[C[C[C[C[C[C[C[C[C[C[C[C[C[C[C[C[C[C[C[C[C[C[C[C[C[C[C[C[C[C[C[C[C[C[C[C[C[C[C[C[C[C[C[C[C[C[C[C[C[C[C[Cpush -u origin masteradd .[Kpush -u origin mastercommit -m "Heuristic modellling rpub page"[A[C[C[C[C[C[C[C[C[C[C[C[C[C[C[C[C[C[C[C[C[C[C[C[C[C[C[C[C[C[C[C[C[C[C[C[C[C[C[C[Cadd .[K
[K[A[C[C[C[C[C[C[C[C[C[C[C[C[C[C[C[C[C[C[C[C[C[C[C[C[C[C[C[C[C[C[C[C[C[C[C[C[C[C[C[C[C[C[C[C[C[C[C[C[C[C[C[C[C[C[C[C[C[C[C[C[Cpush -u origin mastercommit -m "Heuristic modellling rpub page"[A[C[C[C[C[C[C[C[C[C[C[C[C[C[C[C[C[C[C[C[C[C[C[C[C[C[C[C[C[C[C[C[C[C[C[C[C[C[C[C[Cadd .[K
[K[A[C[C[C[C[C[C[C[C[C[C[C[C[C[C[C[C[C[C[C[C[C[C[C[C[C[C[C[C[C[C[C[C[C[C[C[C[C[C[C[C[C[C[C[C[C[C[C[C[C[C[C[C[C[C[C[C[C[C[C[C[Cpush -u origin mastercommit -m "Addding delayedd mortality compartment"[A[C[C[C[C[C[C[C[C[C[C[C[C[C[C[C[C[C[C[C[C[C[C[C[C[C[C[C[C[C[C[C[Cadd .[K
[K[A[C[C[C[C[C[C[C[C[C[C[C[C[C[C[C[C[C[C[C[C[C[C[C[C[C[C[C[C[C[C[C[C[C[C[C[C[C[C[C[C[C[C[C[C[C[C[C[C[C[C[C[C[C[C[C[C[C[C[C[C[Ccommit -m "Addding delayedd mortality compartment"[A[C[C[C[C[C[C[C[C[C[C[C[C[C[C[C[C[C[C[C[C[C[C[C[C[C[C[C[C[C[C[C[Cadd .[K
[K[A[C[C[C[C[C[C[C[C[C[C[C[C[C[C[C[C[C[C[C[C[C[C[C[C[C[C[C[C[C[C[C[C[C[C[C[C[C[C[C[C[C[C[C[C[C[C[C[C[C[C[C[C[C[C[C[C[C[C[C[C[Ccd SIR_Covid/sudo adduser mlevittuserdel[C[C[C[C[C[C[C[C[1Prmuser[C[C[C[C[C[C[C[C[1@add[C[C[C[C[C[C[C[C[C[C[C[Cuseradd[C[C[C[C[C[C[C[Cgit push -u origin mastercommit -m "Adding US Statees"[A[C[C[C[C[C[C[C[C[C[C[C[C[C[C[C[C[C[C[C[C[C[C[C[C[C[C[C[C[C[C[C[C[C[C[C[C[C[C[C[C[C[C[C[C[C[C[C[C[C[C[C[C[Cadd .[K
[K[A[C[C[C[C[C[C[C[C[C[C[C[C[C[C[C[C[C[C[C[C[C[C[C[C[C[C[C[C[C[C[C[C[C[C[C[C[C[C[C[C[C[C[C[C[C[C[C[C[C[C[C[C[C[C[C[C[C[C[C[C[Cpush -u origin mastercommit -m "Adding US Statees"[A[C[C[C[C[C[C[C[C[C[C[C[C[C[C[C[C[C[C[C[C[C[C[C[C[C[C[C[C[C[C[C[C[C[C[C[C[C[C[C[C[C[C[C[C[C[C[C[C[C[C[C[C[Cadd .[K
[K[A[C[C[C[C[C[C[C[C[C[C[C[C[C[C[C[C[C[C[C[C[C[C[C[C[C[C[C[C[C[C[C[C[C[C[C[C[C[C[C[C[C[C[C[C[C[C[C[C[C[C[C[C[C[C[C[C[C[C[C[C[Cpush -u origin mastercommit -m "Adding US Statees"[A[C[C[C[C[C[C[C[C[C[C[C[C[C[C[C[C[C[C[C[C[C[C[C[C[C[C[C[C[C[C[C[C[C[C[C[C[C[C[C[C[C[C[C[C[C[C[C[C[C[C[C[C[Cadd .[K
[K[A[C[C[C[C[C[C[C[C[C[C[C[C[C[C[C[C[C[C[C[C[C[C[C[C[C[C[C[C[C[C[C[C[C[C[C[C[C[C[C[C[C[C[C[C[C[C[C[C[C[C[C[C[C[C[C[C[C[C[C[C[Cpush -u origin mastercommit -m "Adding US Statees"[A[C[C[C[C[C[C[C[C[C[C[C[C[C[C[C[C[C[C[C[C[C[C[C[C[C[C[C[C[C[C[C[C[C[C[C[C[C[C[C[C[C[C[C[C[C[C[C[C[C[C[C[C[Cadd .[K
[K[A[C[C[C[C[C[C[C[C[C[C[C[C[C[C[C[C[C[C[C[C[C[C[C[C[C[C[C[C[C[C[C[C[C[C[C[C[C[C[C[C[C[C[C[C[C[C[C[C[C[C[C[C[C[C[C[C[C[C[C[C[Cpush -u origin mastercommit -m "First commit"add .[Kpush -u origin masterremote add origin https:///github.com/dgolicher/SIR_covid.git[A[C[C[C[C[C[C[C[C[C[C[C[C[C[C[C[C[C[C[C[C[C[1Pcommit -m "First commit"
[K[A[C[C[C[C[C[C[C[C[C[C[C[C[C[C[C[C[C[C[C[C[C[C[C[C[C[C[C[C[C[C[C[C[C[C[C[C[C[C[C[C[C[C[C[C[C[C[C[C[C[C[C[C[C[C[C[C[C[C[C[C[C[C[C[C[C[C[C[C[C[C[C[C[C[C[C[C[C[C[C[Cremote add origin https:///github.com/dgolicher/SIR_covid.git[A[C[C[C[C[C[C[C[C[C[C[C[C[C[C[C[C[C[C[C[C[C[1Pcommit -m "First commit"
[K[A[C[C[C[C[C[C[C[C[C[C[C[C[C[C[C[C[C[C[C[C[C[C[C[C[C[C[C[C[C[C[C[C[C[C[C[C[C[C[C[C[C[C[C[C[C[C[C[C[C[C[C[C[C[C[C[C[C[C[C[C[C[C[C[C[C[C[C[C[C[C[C[C[C[C[C[C[C[C[C[Cadd .[Kcommit -m "First commit"remote add origin https:///github.com/dgolicher/SIR_covid.git[K[K[K[K[K[K[K[K[K[K[K[K[K[K[K[K[K[K[K[K[K[K[K[K[K[K[K[K[K[K[K[K[K[K[K[A[C[C[C[C[C[C[C[C[C[C[C[C[C[C[C[C[C[C[C[C[C[C[C[C[C[C[C[C[C[C[C[C[C[C[C[C[C[C[C[C[C[C[C[C[C[C[C[C[C[C[C[C[C[C[C[C[C[C[C[C[C[C[C[C[C[C[C[C[C[C[C[C[C[C[C[C[C[C[C[C[K
[K[A[C[C[C[C[C[C[C[C[C[C[C[C[C[C[C[C[C[C[C[C[C[C[C[C[C[C[C[C[C[C[C[C[C[C[C[C[C[C[C[C[C[C[C[C[C[C[C[C[C[C[C[C[C[C[C[C[C[C[C[C[C[C[C[C[C[C[C[C[C[C[C[C[C[C[C[C[C[C[C[C[K[K[K[K[K[K[K[K[K[Kn [K[Kgin https:///github.com/dgolicher/dgolicher.github.io.git
fatal: remote origin already exists.
]0;/home/rstudio/rstudio/dgolicher.github.iorstudio@ab10bc041bf7:~/rstudio/dgolicher.github.io$ git remote add origin https:///github.com/dgolicher/dgolicher.github.io.git[A[C[C[C[C[C[C[C[C[C[C[Cclone https://github.com/d[C[12Policher/dgolicher.github.io.git[A[C[C[C[C[C[C[C[C[C[C[C[C[C[C[C[C[C[C[Cls[K
[K[A[C[C[C[C[C[C[C[C[C[C[C[C[C[C[C[C[C[C[C[C[C[C[C[C[C[C[C[C[C[C[C[C[C[C[C[C[C[C[C[C[C[C[C[C[C[C[C[C[C[C[C[C[C[Ccd rstudiols[Kcd ..sudo chmod -R 777 /home/viki[8Padduser neyrioschmod -R 777 /home/viki[8Padduser neyriosgit push -u origin mastercommit -m "Heuristic modellling rpub page"[A[C[C[C[C[C[C[C[C[C[C[C[C[C[C[C[C[C[C[C[C[C[C[C[C[C[C[C[C[C[C[C[C[C[C[C[C[C[C[C[Cadd .[K
[K[A[C[C[C[C[C[C[C[C[C[C[C[C[C[C[C[C[C[C[C[C[C[C[C[C[C[C[C[C[C[C[C[C[C[C[C[C[C[C[C[C[C[C[C[C[C[C[C[C[C[C[C[C[C[C[C[C[C[C[C[C[C
]0;/home/rstudio/rstudio/dgolicher.github.iorstudio@ab10bc041bf7:~/rstudio/dgolicher.github.io$ git add .remote add origin https:///github.com/dgolicher/dgolicher.github.io.git[A[C[C[C[C[C[C[C[C[C[C[Cclone https://github.com/d[C[12Policher/dgolicher.github.io.git[A[C[C[C[C[C[C[C[C[C[C[C[C[C[C[C[C[C[C[Cls[K
[K[A[C[C[C[C[C[C[C[C[C[C[C[C[C[C[C[C[C[C[C[C[C[C[C[C[C[C[C[C[C[C[C[C[C[C[C[C[C[C[C[C[C[C[C[C[C[C[C[C[C[C[C[C[C[Ccd rstudiols[Kcd ..sudo chmod -R 777 /home/viki[8Padduser neyriosgit push -u origin mastercommit -m "Heuristic modellling rpub page"[1P"[1P"[1P"[1P"[1P"[1P"[1P"[1P"[1P"[1P"[1P"[1P"[1P"[1P"[1P"[A[C[C[C[C[C[C[C[C[C[C[C[C[C[C[C[C[C[C[C[C[C[C[C[C[C[C[C[C[C[C[C[C[C[C[C[C[C[C[C[C[C[C[C[C[C[C[C[C[C[C[C[C[C[C[C[C[C[C[C[C[C[C[C[C[C[C[C[C[C[C[C[C[C[C[C[C[C[C[C[C" [K[A[C[C[C[C[C[C[C[C[C[C[C[C[C[C[C[C[C[C[C[C[C[C[C[C[C[C[C[C[C[C[C[C[C[C[C[C[C[C[C[C[C[C[C[C[C[C[C[C[C[C[C[C[C[C[C[C[C[C[C[C[C[C[C[C[C[C[C[C[C[C[C[C[C[C[C[C[C[C[C[C[1P"
[K[A[C[C[C[C[C[C[C[C[C[C[C[C[C[C[C[C[C[C[C[C[C[C[C[C[C[C[C[C[C[C[C[C[C[C[C[C[C[C[C[C[C[C[C[C[C[C[C[C[C[C[C[C[C[C[C[C[C[C[C[C[C[C[C[C[C[C[C[C[C[C[C[C[C[C[C[C[C[C[C[1P"[1P"[1P"[1P"[1P"[1P"[1P"[1P"[1P"[1P"[1P"[1P"[K[1P" "[C"f"i"r"s"t"
[master 210dccd] first
 2 files changed, 14 insertions(+)
 create mode 100644 dgolicher.github.io.Rproj
]0;/home/rstudio/rstudio/dgolicher.github.iorstudio@ab10bc041bf7:~/rstudio/dgolicher.github.io$ git commit -m "first"add .[Kremote add origin https:///github.com/dgolicher/dgolicher.github.io.git[A[C[C[C[C[C[C[C[C[C[C[Cclone https://github.com/d[C[12Policher/dgolicher.github.io.git[A[C[C[C[C[C[C[C[C[C[C[C[C[C[C[C[C[C[C[Cls[K
[K[A[C[C[C[C[C[C[C[C[C[C[C[C[C[C[C[C[C[C[C[C[C[C[C[C[C[C[C[C[C[C[C[C[C[C[C[C[C[C[C[C[C[C[C[C[C[C[C[C[C[C[C[C[C[Ccd rstudiols[Kcd ..sudo chmod -R 777 /home/viki[8Padduser neyriosgit push -u origin master
error: cannot run rpostback-askpass: No such file or directory
Username for 'https://github.com': dgolicher
error: cannot run rpostback-askpass: No such file or directory
Password for 'https://dgolicher@github.com': 
Counting objects: 4, done.
Delta compression using up to 16 threads.
Compressing objects:  25% (1/4)   Compressing objects:  50% (2/4)   Compressing objects:  75% (3/4)   Compressing objects: 100% (4/4)   Compressing objects: 100% (4/4), done.
Writing objects:  25% (1/4)   Writing objects:  50% (2/4)   Writing objects:  75% (3/4)   Writing objects: 100% (4/4)   Writing objects: 100% (4/4), 505 bytes | 0 bytes/s, done.
Total 4 (delta 2), reused 0 (delta 0)
remote: Resolving deltas:   0% (0/2)[Kremote: Resolving deltas:  50% (1/2)[Kremote: Resolving deltas: 100% (2/2)[Kremote: Resolving deltas: 100% (2/2), completed with 2 local objects.[K
To https://github.com/dgolicher/dgolicher.github.io.git
   3d0699f..210dccd  master -> master
Branch master set up to track remote branch master from origin.
]0;/home/rstudio/rstudio/dgolicher.github.iorstudio@ab10bc041bf7:~/rstudio/dgolicher.github.io$ [Krstudio@ab10bc041bf7:~/rstudio/dgolicher.github.io$ [Krstudio@ab10bc041bf7:~/rstudio/dgolicher.github.io$ [Krstudio@ab10bc041bf7:~/rstudio/dgolicher.github.io$ git push -u origin master[4Pcommit -m "first"add .[K
]0;/home/rstudio/rstudio/dgolicher.github.iorstudio@ab10bc041bf7:~/rstudio/dgolicher.github.io$ git add .push -u origin master[4Pcommit -m "first"
[master 9884d13] first
 3 files changed, 63 insertions(+)
 create mode 100644 _posts/test.Rmd
 create mode 100644 _posts/test.md
 create mode 100644 _posts/test_files/figure-markdown_github/pressure-1.png
]0;/home/rstudio/rstudio/dgolicher.github.iorstudio@ab10bc041bf7:~/rstudio/dgolicher.github.io$ git commit -m "first"add .[Kpush -u origin master
Counting objects: 8, done.
Delta compression using up to 16 threads.
Compressing objects:  16% (1/6)   Compressing objects:  33% (2/6)   Compressing objects:  50% (3/6)   Compressing objects:  66% (4/6)   Compressing objects:  83% (5/6)   Compressing objects: 100% (6/6)   Compressing objects: 100% (6/6), done.
Writing objects:  12% (1/8)   Writing objects:  25% (2/8)   Writing objects:  37% (3/8)   Writing objects:  50% (4/8)   Writing objects:  62% (5/8)   Writing objects:  75% (6/8)   Writing objects:  87% (7/8)   Writing objects: 100% (8/8)   Writing objects: 100% (8/8), 7.43 KiB | 0 bytes/s, done.
Total 8 (delta 1), reused 0 (delta 0)
remote: Resolving deltas:   0% (0/1)[Kremote: Resolving deltas: 100% (1/1)[Kremote: Resolving deltas: 100% (1/1), completed with 1 local object.[K
To https://github.com/dgolicher/dgolicher.github.io.git
   210dccd..9884d13  master -> master
Branch master set up to track remote branch master from origin.
]0;/home/rstudio/rstudio/dgolicher.github.iorstudio@ab10bc041bf7:~/rstudio/dgolicher.github.io$ [Krstudio@ab10bc041bf7:~/rstudio/dgolicher.github.io$ [Krstudio@ab10bc041bf7:~/rstudio/dgolicher.github.io$ git push -u origin master[4Pcommit -m "first"add .[K
]0;/home/rstudio/rstudio/dgolicher.github.iorstudio@ab10bc041bf7:~/rstudio/dgolicher.github.io$ git add .push -u origin master[4Pcommit -m "first"
[master ef197f3] first
 3 files changed, 63 insertions(+)
 create mode 100644 _posts/2020-6-6-test.Rmd
 create mode 100644 _posts/2020-6-6-test.md
 create mode 100644 _posts/2020-6-6-test_files/figure-markdown_github/pressure-1.png
]0;/home/rstudio/rstudio/dgolicher.github.iorstudio@ab10bc041bf7:~/rstudio/dgolicher.github.io$ git commit -m "first"add .[Kpush -u origin master
Counting objects: 4, done.
Delta compression using up to 16 threads.
Compressing objects:  25% (1/4)   Compressing objects:  50% (2/4)   Compressing objects:  75% (3/4)   Compressing objects: 100% (4/4)   Compressing objects: 100% (4/4), done.
Writing objects:  25% (1/4)   Writing objects:  50% (2/4)   Writing objects:  75% (3/4)   Writing objects: 100% (4/4)   Writing objects: 100% (4/4), 912 bytes | 0 bytes/s, done.
Total 4 (delta 1), reused 0 (delta 0)
remote: Resolving deltas:   0% (0/1)[Kremote: Resolving deltas: 100% (1/1)[Kremote: Resolving deltas: 100% (1/1), completed with 1 local object.[K
To https://github.com/dgolicher/dgolicher.github.io.git
   9884d13..ef197f3  master -> master
Branch master set up to track remote branch master from origin.
]0;/home/rstudio/rstudio/dgolicher.github.iorstudio@ab10bc041bf7:~/rstudio/dgolicher.github.io$ git push -u origin master[4Pcommit -m "first"add .[K
]0;/home/rstudio/rstudio/dgolicher.github.iorstudio@ab10bc041bf7:~/rstudio/dgolicher.github.io$ git add .push -u origin master[4Pcommit -m "first"
[master 6ef6a3f] first
 4 files changed, 4 insertions(+), 67 deletions(-)
 delete mode 100644 _posts/test.Rmd
 delete mode 100644 _posts/test.md
 delete mode 100644 _posts/test_files/figure-markdown_github/pressure-1.png
]0;/home/rstudio/rstudio/dgolicher.github.iorstudio@ab10bc041bf7:~/rstudio/dgolicher.github.io$ git commit -m "first"add .[Kpush -u origin master
Counting objects: 4, done.
Delta compression using up to 16 threads.
Compressing objects:  25% (1/4)   Compressing objects:  50% (2/4)   Compressing objects:  75% (3/4)   Compressing objects: 100% (4/4)   Compressing objects: 100% (4/4), done.
Writing objects:  25% (1/4)   Writing objects:  50% (2/4)   Writing objects:  75% (3/4)   Writing objects: 100% (4/4)   Writing objects: 100% (4/4), 390 bytes | 0 bytes/s, done.
Total 4 (delta 3), reused 0 (delta 0)
remote: Resolving deltas:   0% (0/3)[Kremote: Resolving deltas:  33% (1/3)[Kremote: Resolving deltas:  66% (2/3)[Kremote: Resolving deltas: 100% (3/3)[Kremote: Resolving deltas: 100% (3/3), completed with 3 local objects.[K
To https://github.com/dgolicher/dgolicher.github.io.git
   ef197f3..6ef6a3f  master -> master
Branch master set up to track remote branch master from origin.
]0;/home/rstudio/rstudio/dgolicher.github.iorstudio@ab10bc041bf7:~/rstudio/dgolicher.github.io$ git push -u origin master[4Pcommit -m "first"add .[K
]0;/home/rstudio/rstudio/dgolicher.github.iorstudio@ab10bc041bf7:~/rstudio/dgolicher.github.io$ git add .push -u origin master[4Pcommit -m "first"
[master 200831d] first
 2 files changed, 206 insertions(+)
 create mode 100644 _posts/Bayes test.Rmd
 create mode 100644 _posts/Bayes_test.html
]0;/home/rstudio/rstudio/dgolicher.github.iorstudio@ab10bc041bf7:~/rstudio/dgolicher.github.io$ git commit -m "first"add .[Kpush -u origin master
Counting objects: 5, done.
Delta compression using up to 16 threads.
Compressing objects:  20% (1/5)   Compressing objects:  40% (2/5)   Compressing objects:  60% (3/5)   Compressing objects:  80% (4/5)   Compressing objects: 100% (5/5)   Compressing objects: 100% (5/5), done.
Writing objects:  20% (1/5)   Writing objects:  40% (2/5)   Writing objects:  60% (3/5)   Writing objects:  80% (4/5)   Writing objects: 100% (5/5)   Writing objects: 100% (5/5), 350.91 KiB | 0 bytes/s, done.
Total 5 (delta 2), reused 0 (delta 0)
remote: Resolving deltas:   0% (0/2)[Kremote: Resolving deltas:  50% (1/2)[Kremote: Resolving deltas: 100% (2/2)[Kremote: Resolving deltas: 100% (2/2), completed with 2 local objects.[K
To https://github.com/dgolicher/dgolicher.github.io.git
   6ef6a3f..200831d  master -> master
Branch master set up to track remote branch master from origin.
]0;/home/rstudio/rstudio/dgolicher.github.iorstudio@ab10bc041bf7:~/rstudio/dgolicher.github.io$ git push -u origin master[4Pcommit -m "first"
On branch master
Your branch is up-to-date with 'origin/master'.
Untracked files:
	[31m_posts/2020-6-6-Bayes test.Rmd[m
	[31m_posts/2020-6-6-Bayes_test.html[m

nothing added to commit but untracked files present
]0;/home/rstudio/rstudio/dgolicher.github.iorstudio@ab10bc041bf7:~/rstudio/dgolicher.github.io$ git commit -m "first"push -u origin master[4Pcommit -m "first"add .[K
]0;/home/rstudio/rstudio/dgolicher.github.iorstudio@ab10bc041bf7:~/rstudio/dgolicher.github.io$ git add .commit -m "first"
[master 1317fb6] first
 2 files changed, 206 insertions(+)
 create mode 100644 _posts/2020-6-6-Bayes test.Rmd
 create mode 100644 _posts/2020-6-6-Bayes_test.html
]0;/home/rstudio/rstudio/dgolicher.github.iorstudio@ab10bc041bf7:~/rstudio/dgolicher.github.io$ git commit -m "first"add .[Kcommit -m "first"push -u origin master
Counting objects: 3, done.
Delta compression using up to 16 threads.
Compressing objects:  33% (1/3)   Compressing objects:  66% (2/3)   Compressing objects: 100% (3/3)   Compressing objects: 100% (3/3), done.
Writing objects:  33% (1/3)   Writing objects:  66% (2/3)   Writing objects: 100% (3/3)   Writing objects: 100% (3/3), 295 bytes | 0 bytes/s, done.
Total 3 (delta 2), reused 0 (delta 0)
remote: Resolving deltas:   0% (0/2)[Kremote: Resolving deltas:  50% (1/2)[Kremote: Resolving deltas: 100% (2/2)[Kremote: Resolving deltas: 100% (2/2), completed with 2 local objects.[K
To https://github.com/dgolicher/dgolicher.github.io.git
   200831d..1317fb6  master -> master
Branch master set up to track remote branch master from origin.
]0;/home/rstudio/rstudio/dgolicher.github.iorstudio@ab10bc041bf7:~/rstudio/dgolicher.github.io$ git push -u origin master[4Pcommit -m "first"add .[K
]0;/home/rstudio/rstudio/dgolicher.github.iorstudio@ab10bc041bf7:~/rstudio/dgolicher.github.io$ git add .push -u origin master
Branch master set up to track remote branch master from origin.
Everything up-to-date
]0;/home/rstudio/rstudio/dgolicher.github.iorstudio@ab10bc041bf7:~/rstudio/dgolicher.github.io$ git push -u origin masteradd .[K
]0;/home/rstudio/rstudio/dgolicher.github.iorstudio@ab10bc041bf7:~/rstudio/dgolicher.github.io$ git add .push -u origin masteradd .[Kpush -u origin master[4Pcommit -m "first"
[master 036c983] first
 6 files changed, 38 insertions(+), 182 deletions(-)
 delete mode 100644 _posts/2020-6-6-Bayes_test.html
 create mode 100644 _posts/2020-6-6-Bayes_test.md
 create mode 100644 _posts/2020-6-6-Bayes_test_files/figure-markdown_github/unnamed-chunk-1-1.png
 create mode 100644 _posts/2020-6-6-Bayes_test_files/figure-markdown_github/unnamed-chunk-1-2.png
 create mode 100644 _posts/2020-6-6-Bayes_test_files/figure-markdown_github/unnamed-chunk-1-3.png
]0;/home/rstudio/rstudio/dgolicher.github.iorstudio@ab10bc041bf7:~/rstudio/dgolicher.github.io$ git commit -m "first"add .[Kpush -u origin master
Counting objects: 10, done.
Delta compression using up to 16 threads.
Compressing objects:  11% (1/9)   Compressing objects:  22% (2/9)   Compressing objects:  33% (3/9)   Compressing objects:  44% (4/9)   Compressing objects:  55% (5/9)   Compressing objects:  66% (6/9)   Compressing objects:  77% (7/9)   Compressing objects:  88% (8/9)   Compressing objects: 100% (9/9)   Compressing objects: 100% (9/9), done.
Writing objects:  10% (1/10)   Writing objects:  20% (2/10)   Writing objects:  30% (3/10)   Writing objects:  40% (4/10)   Writing objects:  50% (5/10)   Writing objects:  60% (6/10)   Writing objects:  70% (7/10)   Writing objects:  80% (8/10)   Writing objects:  90% (9/10)   Writing objects: 100% (10/10)   Writing objects: 100% (10/10), 48.06 KiB | 0 bytes/s, done.
Total 10 (delta 3), reused 0 (delta 0)
remote: Resolving deltas:   0% (0/3)[Kremote: Resolving deltas:  33% (1/3)[Kremote: Resolving deltas:  66% (2/3)[Kremote: Resolving deltas: 100% (3/3)[Kremote: Resolving deltas: 100% (3/3), completed with 3 local objects.[K
To https://github.com/dgolicher/dgolicher.github.io.git
   1317fb6..036c983  master -> master
Branch master set up to track remote branch master from origin.
]0;/home/rstudio/rstudio/dgolicher.github.iorstudio@ab10bc041bf7:~/rstudio/dgolicher.github.io$ git push -u origin master[4Pcommit -m "first"add .[K
]0;/home/rstudio/rstudio/dgolicher.github.iorstudio@ab10bc041bf7:~/rstudio/dgolicher.github.io$ git add .push -u origin master[4Pcommit -m "first"
[master e9ec829] first
 2 files changed, 210 insertions(+), 18 deletions(-)
 create mode 100644 index.Rmd
 rewrite index.html (98%)
]0;/home/rstudio/rstudio/dgolicher.github.iorstudio@ab10bc041bf7:~/rstudio/dgolicher.github.io$ git commit -m "first"add .[Kpush -u origin master
Counting objects: 4, done.
Delta compression using up to 16 threads.
Compressing objects:  25% (1/4)   Compressing objects:  50% (2/4)   Compressing objects:  75% (3/4)   Compressing objects: 100% (4/4)   Compressing objects: 100% (4/4), done.
Writing objects:  25% (1/4)   Writing objects:  50% (2/4)   Writing objects:  75% (3/4)   Writing objects: 100% (4/4)   Writing objects: 100% (4/4), 248.85 KiB | 0 bytes/s, done.
Total 4 (delta 1), reused 0 (delta 0)

^C
]0;/home/rstudio/rstudio/dgolicher.github.iorstudio@ab10bc041bf7:~/rstudio/dgolicher.github.io$ git push -u origin master[4Pcommit -m "first"add .[K
]0;/home/rstudio/rstudio/dgolicher.github.iorstudio@ab10bc041bf7:~/rstudio/dgolicher.github.io$ git add .push -u origin master
Branch master set up to track remote branch master from origin.
Everything up-to-date
]0;/home/rstudio/rstudio/dgolicher.github.iorstudio@ab10bc041bf7:~/rstudio/dgolicher.github.io$ git push -u origin masteradd .[K