]0;/home/rstudio/rstudio/dgolicher.github.iorstudio@ab10bc041bf7:~/rstudio/dgolicher.github.io$ [Krstudio@ab10bc041bf7:~/rstudio/dgolicher.github.io$ git clone https://github.com/ddgolicher/dgolicher.github.io.git[A[C[C[C[C[C[C[C[C[C[C[C[C[C[C[C[C[C[C[Cls[K
[K[A[C[C[C[C[C[C[C[C[C[C[C[C[C[C[C[C[C[C[C[C[C[C[C[C[C[C[C[C[C[C[C[C[C[C[C[C[C[C[C[C[C[C[C[C[C[C[C[C[C[C[C[C[C[Ccd rstudiols[Kcd ..sudo chmod -R 777 /home/viki[8Padduser neyriosgit push -u origin mastercommit -m "Heuristic modellling rpub page"[A[C[C[C[C[C[C[C[C[C[C[C[C[C[C[C[C[C[C[C[C[C[C[C[C[C[C[C[C[C[C[C[C[C[C[C[C[C[C[C[Cadd .[K
[K[A[C[C[C[C[C[C[C[C[C[C[C[C[C[C[C[C[C[C[C[C[C[C[C[C[C[C[C[C[C[C[C[C[C[C[C[C[C[C[C[C[C[C[C[C[C[C[C[C[C[C[C[C[C[C[C[C[C[C[C[C[Cpush -u origin mastercommit -m "Heuristic modellling rpub page"[A[C[C[C[C[C[C[C[C[C[C[C[C[C[C[C[C[C[C[C[C[C[C[C[C[C[C[C[C[C[C[C[C[C[C[C[C[C[C[C[Cadd .[K
[K[A[C[C[C[C[C[C[C[C[C[C[C[C[C[C[C[C[C[C[C[C[C[C[C[C[C[C[C[C[C[C[C[C[C[C[C[C[C[C[C[C[C[C[C[C[C[C[C[C[C[C[C[C[C[C[C[C[C[C[C[C[Cpush -u origin mastercommit -m "Heuristic modellling rpub page"[A[C[C[C[C[C[C[C[C[C[C[C[C[C[C[C[C[C[C[C[C[C[C[C[C[C[C[C[C[C[C[C[C[C[C[C[C[C[C[C[Cadd .[K
[K[A[C[C[C[C[C[C[C[C[C[C[C[C[C[C[C[C[C[C[C[C[C[C[C[C[C[C[C[C[C[C[C[C[C[C[C[C[C[C[C[C[C[C[C[C[C[C[C[C[C[C[C[C[C[C[C[C[C[C[C[C[Cpush -u origin masteradd .[Kpush -u origin mastercommit -m "Heuristic modellling rpub page"[A[C[C[C[C[C[C[C[C[C[C[C[C[C[C[C[C[C[C[C[C[C[C[C[C[C[C[C[C[C[C[C[C[C[C[C[C[C[C[C[Cadd .[K
[K[A[C[C[C[C[C[C[C[C[C[C[C[C[C[C[C[C[C[C[C[C[C[C[C[C[C[C[C[C[C[C[C[C[C[C[C[C[C[C[C[C[C[C[C[C[C[C[C[C[C[C[C[C[C[C[C[C[C[C[C[C[Cpush -u origin mastercommit -m "Heuristic modellling rpub page"[A[C[C[C[C[C[C[C[C[C[C[C[C[C[C[C[C[C[C[C[C[C[C[C[C[C[C[C[C[C[C[C[C[C[C[C[C[C[C[C[Cadd .[K
[K[A[C[C[C[C[C[C[C[C[C[C[C[C[C[C[C[C[C[C[C[C[C[C[C[C[C[C[C[C[C[C[C[C[C[C[C[C[C[C[C[C[C[C[C[C[C[C[C[C[C[C[C[C[C[C[C[C[C[C[C[C[Cpush -u origin mastercommit -m "Addding delayedd mortality compartment"[A[C[C[C[C[C[C[C[C[C[C[C[C[C[C[C[C[C[C[C[C[C[C[C[C[C[C[C[C[C[C[C[Cadd .[K
[K[A[C[C[C[C[C[C[C[C[C[C[C[C[C[C[C[C[C[C[C[C[C[C[C[C[C[C[C[C[C[C[C[C[C[C[C[C[C[C[C[C[C[C[C[C[C[C[C[C[C[C[C[C[C[C[C[C[C[C[C[C[Ccommit -m "Addding delayedd mortality compartment"[A[C[C[C[C[C[C[C[C[C[C[C[C[C[C[C[C[C[C[C[C[C[C[C[C[C[C[C[C[C[C[C[Cadd .[K
[K[A[C[C[C[C[C[C[C[C[C[C[C[C[C[C[C[C[C[C[C[C[C[C[C[C[C[C[C[C[C[C[C[C[C[C[C[C[C[C[C[C[C[C[C[C[C[C[C[C[C[C[C[C[C[C[C[C[C[C[C[C[Ccd SIR_Covid/sudo adduser mlevittuserdel[C[C[C[C[C[C[C[C[1Prmuser[C[C[C[C[C[C[C[C[1@add[C[C[C[C[C[C[C[C[C[C[C[Cuseradd[C[C[C[C[C[C[C[Cgit push -u origin mastercommit -m "Adding US Statees"[A[C[C[C[C[C[C[C[C[C[C[C[C[C[C[C[C[C[C[C[C[C[C[C[C[C[C[C[C[C[C[C[C[C[C[C[C[C[C[C[C[C[C[C[C[C[C[C[C[C[C[C[C[Cadd .[K
[K[A[C[C[C[C[C[C[C[C[C[C[C[C[C[C[C[C[C[C[C[C[C[C[C[C[C[C[C[C[C[C[C[C[C[C[C[C[C[C[C[C[C[C[C[C[C[C[C[C[C[C[C[C[C[C[C[C[C[C[C[C[Cpush -u origin mastercommit -m "Adding US Statees"[A[C[C[C[C[C[C[C[C[C[C[C[C[C[C[C[C[C[C[C[C[C[C[C[C[C[C[C[C[C[C[C[C[C[C[C[C[C[C[C[C[C[C[C[C[C[C[C[C[C[C[C[C[Cadd .[K
[K[A[C[C[C[C[C[C[C[C[C[C[C[C[C[C[C[C[C[C[C[C[C[C[C[C[C[C[C[C[C[C[C[C[C[C[C[C[C[C[C[C[C[C[C[C[C[C[C[C[C[C[C[C[C[C[C[C[C[C[C[C[Cpush -u origin mastercommit -m "Adding US Statees"[A[C[C[C[C[C[C[C[C[C[C[C[C[C[C[C[C[C[C[C[C[C[C[C[C[C[C[C[C[C[C[C[C[C[C[C[C[C[C[C[C[C[C[C[C[C[C[C[C[C[C[C[C[Cadd .[K
[K[A[C[C[C[C[C[C[C[C[C[C[C[C[C[C[C[C[C[C[C[C[C[C[C[C[C[C[C[C[C[C[C[C[C[C[C[C[C[C[C[C[C[C[C[C[C[C[C[C[C[C[C[C[C[C[C[C[C[C[C[C[Cpush -u origin mastercommit -m "Adding US Statees"[A[C[C[C[C[C[C[C[C[C[C[C[C[C[C[C[C[C[C[C[C[C[C[C[C[C[C[C[C[C[C[C[C[C[C[C[C[C[C[C[C[C[C[C[C[C[C[C[C[C[C[C[C[Cadd .[K
[K[A[C[C[C[C[C[C[C[C[C[C[C[C[C[C[C[C[C[C[C[C[C[C[C[C[C[C[C[C[C[C[C[C[C[C[C[C[C[C[C[C[C[C[C[C[C[C[C[C[C[C[C[C[C[C[C[C[C[C[C[C[Cpush -u origin mastercommit -m "First commit"add .[Kpush -u origin masterremote add origin https:///github.com/dgolicher/SIR_covid.git[A[C[C[C[C[C[C[C[C[C[C[C[C[C[C[C[C[C[C[C[C[C[1Pcommit -m "First commit"
[K[A[C[C[C[C[C[C[C[C[C[C[C[C[C[C[C[C[C[C[C[C[C[C[C[C[C[C[C[C[C[C[C[C[C[C[C[C[C[C[C[C[C[C[C[C[C[C[C[C[C[C[C[C[C[C[C[C[C[C[C[C[C[C[C[C[C[C[C[C[C[C[C[C[C[C[C[C[C[C[C[Cremote add origin https:///github.com/dgolicher/SIR_covid.git[A[C[C[C[C[C[C[C[C[C[C[C[C[C[C[C[C[C[C[C[C[C[1Pcommit -m "First commit"
[K[A[C[C[C[C[C[C[C[C[C[C[C[C[C[C[C[C[C[C[C[C[C[C[C[C[C[C[C[C[C[C[C[C[C[C[C[C[C[C[C[C[C[C[C[C[C[C[C[C[C[C[C[C[C[C[C[C[C[C[C[C[C[C[C[C[C[C[C[C[C[C[C[C[C[C[C[C[C[C[C[Cadd .[Kcommit -m "First commit"remote add origin https:///github.com/dgolicher/SIR_covid.git[K[K[K[K[K[K[K[K[K[K[K[K[K[K[K[K[K[K[K[K[K[K[K[K[K[K[K[K[K[K[K[K[K[K[K[A[C[C[C[C[C[C[C[C[C[C[C[C[C[C[C[C[C[C[C[C[C[C[C[C[C[C[C[C[C[C[C[C[C[C[C[C[C[C[C[C[C[C[C[C[C[C[C[C[C[C[C[C[C[C[C[C[C[C[C[C[C[C[C[C[C[C[C[C[C[C[C[C[C[C[C[C[C[C[C[C[K
[K[A[C[C[C[C[C[C[C[C[C[C[C[C[C[C[C[C[C[C[C[C[C[C[C[C[C[C[C[C[C[C[C[C[C[C[C[C[C[C[C[C[C[C[C[C[C[C[C[C[C[C[C[C[C[C[C[C[C[C[C[C[C[C[C[C[C[C[C[C[C[C[C[C[C[C[C[C[C[C[C[C[K[K[K[K[K[K[K[K[K[Kn [K[Kgin https:///github.com/dgolicher/dgolicher.github.io.git
fatal: remote origin already exists.
]0;/home/rstudio/rstudio/dgolicher.github.iorstudio@ab10bc041bf7:~/rstudio/dgolicher.github.io$ git remote add origin https:///github.com/dgolicher/dgolicher.github.io.git[A[C[C[C[C[C[C[C[C[C[C[Cclone https://github.com/d[C[12Policher/dgolicher.github.io.git[A[C[C[C[C[C[C[C[C[C[C[C[C[C[C[C[C[C[C[Cls[K
[K[A[C[C[C[C[C[C[C[C[C[C[C[C[C[C[C[C[C[C[C[C[C[C[C[C[C[C[C[C[C[C[C[C[C[C[C[C[C[C[C[C[C[C[C[C[C[C[C[C[C[C[C[C[C[Ccd rstudiols[Kcd ..sudo chmod -R 777 /home/viki[8Padduser neyrioschmod -R 777 /home/viki[8Padduser neyriosgit push -u origin mastercommit -m "Heuristic modellling rpub page"[A[C[C[C[C[C[C[C[C[C[C[C[C[C[C[C[C[C[C[C[C[C[C[C[C[C[C[C[C[C[C[C[C[C[C[C[C[C[C[C[Cadd .[K
[K[A[C[C[C[C[C[C[C[C[C[C[C[C[C[C[C[C[C[C[C[C[C[C[C[C[C[C[C[C[C[C[C[C[C[C[C[C[C[C[C[C[C[C[C[C[C[C[C[C[C[C[C[C[C[C[C[C[C[C[C[C[C
]0;/home/rstudio/rstudio/dgolicher.github.iorstudio@ab10bc041bf7:~/rstudio/dgolicher.github.io$ git add .remote add origin https:///github.com/dgolicher/dgolicher.github.io.git[A[C[C[C[C[C[C[C[C[C[C[Cclone https://github.com/d[C[12Policher/dgolicher.github.io.git[A[C[C[C[C[C[C[C[C[C[C[C[C[C[C[C[C[C[C[Cls[K
[K[A[C[C[C[C[C[C[C[C[C[C[C[C[C[C[C[C[C[C[C[C[C[C[C[C[C[C[C[C[C[C[C[C[C[C[C[C[C[C[C[C[C[C[C[C[C[C[C[C[C[C[C[C[C[Ccd rstudiols[Kcd ..sudo chmod -R 777 /home/viki[8Padduser neyriosgit push -u origin mastercommit -m "Heuristic modellling rpub page"[1P"[1P"[1P"[1P"[1P"[1P"[1P"[1P"[1P"[1P"[1P"[1P"[1P"[1P"[1P"[A[C[C[C[C[C[C[C[C[C[C[C[C[C[C[C[C[C[C[C[C[C[C[C[C[C[C[C[C[C[C[C[C[C[C[C[C[C[C[C[C[C[C[C[C[C[C[C[C[C[C[C[C[C[C[C[C[C[C[C[C[C[C[C[C[C[C[C[C[C[C[C[C[C[C[C[C[C[C[C[C" [K[A[C[C[C[C[C[C[C[C[C[C[C[C[C[C[C[C[C[C[C[C[C[C[C[C[C[C[C[C[C[C[C[C[C[C[C[C[C[C[C[C[C[C[C[C[C[C[C[C[C[C[C[C[C[C[C[C[C[C[C[C[C[C[C[C[C[C[C[C[C[C[C[C[C[C[C[C[C[C[C[C[1P"
[K[A[C[C[C[C[C[C[C[C[C[C[C[C[C[C[C[C[C[C[C[C[C[C[C[C[C[C[C[C[C[C[C[C[C[C[C[C[C[C[C[C[C[C[C[C[C[C[C[C[C[C[C[C[C[C[C[C[C[C[C[C[C[C[C[C[C[C[C[C[C[C[C[C[C[C[C[C[C[C[C[1P"[1P"[1P"[1P"[1P"[1P"[1P"[1P"[1P"[1P"[1P"[1P"[K[1P" "[C"f"i"r"s"t"
[master 210dccd] first
 2 files changed, 14 insertions(+)
 create mode 100644 dgolicher.github.io.Rproj
]0;/home/rstudio/rstudio/dgolicher.github.iorstudio@ab10bc041bf7:~/rstudio/dgolicher.github.io$ git commit -m "first"add .[Kremote add origin https:///github.com/dgolicher/dgolicher.github.io.git[A[C[C[C[C[C[C[C[C[C[C[Cclone https://github.com/d[C[12Policher/dgolicher.github.io.git[A[C[C[C[C[C[C[C[C[C[C[C[C[C[C[C[C[C[C[Cls[K
[K[A[C[C[C[C[C[C[C[C[C[C[C[C[C[C[C[C[C[C[C[C[C[C[C[C[C[C[C[C[C[C[C[C[C[C[C[C[C[C[C[C[C[C[C[C[C[C[C[C[C[C[C[C[C[Ccd rstudiols[Kcd ..sudo chmod -R 777 /home/viki[8Padduser neyriosgit push -u origin master
error: cannot run rpostback-askpass: No such file or directory
Username for 'https://github.com': dgolicher
error: cannot run rpostback-askpass: No such file or directory
Password for 'https://dgolicher@github.com': 
Counting objects: 4, done.
Delta compression using up to 16 threads.
Compressing objects:  25% (1/4)   Compressing objects:  50% (2/4)   Compressing objects:  75% (3/4)   Compressing objects: 100% (4/4)   Compressing objects: 100% (4/4), done.
Writing objects:  25% (1/4)   Writing objects:  50% (2/4)   Writing objects:  75% (3/4)   Writing objects: 100% (4/4)   Writing objects: 100% (4/4), 505 bytes | 0 bytes/s, done.
Total 4 (delta 2), reused 0 (delta 0)
remote: Resolving deltas:   0% (0/2)[Kremote: Resolving deltas:  50% (1/2)[Kremote: Resolving deltas: 100% (2/2)[Kremote: Resolving deltas: 100% (2/2), completed with 2 local objects.[K
To https://github.com/dgolicher/dgolicher.github.io.git
   3d0699f..210dccd  master -> master
Branch master set up to track remote branch master from origin.
]0;/home/rstudio/rstudio/dgolicher.github.iorstudio@ab10bc041bf7:~/rstudio/dgolicher.github.io$ [Krstudio@ab10bc041bf7:~/rstudio/dgolicher.github.io$ [Krstudio@ab10bc041bf7:~/rstudio/dgolicher.github.io$ [Krstudio@ab10bc041bf7:~/rstudio/dgolicher.github.io$ git push -u origin master[4Pcommit -m "first"add .[K
]0;/home/rstudio/rstudio/dgolicher.github.iorstudio@ab10bc041bf7:~/rstudio/dgolicher.github.io$ git add .push -u origin master[4Pcommit -m "first"
[master 9884d13] first
 3 files changed, 63 insertions(+)
 create mode 100644 _posts/test.Rmd
 create mode 100644 _posts/test.md
 create mode 100644 _posts/test_files/figure-markdown_github/pressure-1.png
]0;/home/rstudio/rstudio/dgolicher.github.iorstudio@ab10bc041bf7:~/rstudio/dgolicher.github.io$ git commit -m "first"add .[Kpush -u origin master
Counting objects: 8, done.
Delta compression using up to 16 threads.
Compressing objects:  16% (1/6)   Compressing objects:  33% (2/6)   Compressing objects:  50% (3/6)   Compressing objects:  66% (4/6)   Compressing objects:  83% (5/6)   Compressing objects: 100% (6/6)   Compressing objects: 100% (6/6), done.
Writing objects:  12% (1/8)   Writing objects:  25% (2/8)   Writing objects:  37% (3/8)   Writing objects:  50% (4/8)   Writing objects:  62% (5/8)   Writing objects:  75% (6/8)   Writing objects:  87% (7/8)   Writing objects: 100% (8/8)   Writing objects: 100% (8/8), 7.43 KiB | 0 bytes/s, done.
Total 8 (delta 1), reused 0 (delta 0)
remote: Resolving deltas:   0% (0/1)[Kremote: Resolving deltas: 100% (1/1)[Kremote: Resolving deltas: 100% (1/1), completed with 1 local object.[K
To https://github.com/dgolicher/dgolicher.github.io.git
   210dccd..9884d13  master -> master
Branch master set up to track remote branch master from origin.
]0;/home/rstudio/rstudio/dgolicher.github.iorstudio@ab10bc041bf7:~/rstudio/dgolicher.github.io$ [Krstudio@ab10bc041bf7:~/rstudio/dgolicher.github.io$ [Krstudio@ab10bc041bf7:~/rstudio/dgolicher.github.io$ git push -u origin master[4Pcommit -m "first"add .[K
]0;/home/rstudio/rstudio/dgolicher.github.iorstudio@ab10bc041bf7:~/rstudio/dgolicher.github.io$ git add .push -u origin master[4Pcommit -m "first"
[master ef197f3] first
 3 files changed, 63 insertions(+)
 create mode 100644 _posts/2020-6-6-test.Rmd
 create mode 100644 _posts/2020-6-6-test.md
 create mode 100644 _posts/2020-6-6-test_files/figure-markdown_github/pressure-1.png
]0;/home/rstudio/rstudio/dgolicher.github.iorstudio@ab10bc041bf7:~/rstudio/dgolicher.github.io$ git commit -m "first"add .[Kpush -u origin master
Counting objects: 4, done.
Delta compression using up to 16 threads.
Compressing objects:  25% (1/4)   Compressing objects:  50% (2/4)   Compressing objects:  75% (3/4)   Compressing objects: 100% (4/4)   Compressing objects: 100% (4/4), done.
Writing objects:  25% (1/4)   Writing objects:  50% (2/4)   Writing objects:  75% (3/4)   Writing objects: 100% (4/4)   Writing objects: 100% (4/4), 912 bytes | 0 bytes/s, done.
Total 4 (delta 1), reused 0 (delta 0)
remote: Resolving deltas:   0% (0/1)[Kremote: Resolving deltas: 100% (1/1)[Kremote: Resolving deltas: 100% (1/1), completed with 1 local object.[K
To https://github.com/dgolicher/dgolicher.github.io.git
   9884d13..ef197f3  master -> master
Branch master set up to track remote branch master from origin.
]0;/home/rstudio/rstudio/dgolicher.github.iorstudio@ab10bc041bf7:~/rstudio/dgolicher.github.io$ git push -u origin master[4Pcommit -m "first"add .[K
]0;/home/rstudio/rstudio/dgolicher.github.iorstudio@ab10bc041bf7:~/rstudio/dgolicher.github.io$ git add .push -u origin master[4Pcommit -m "first"
[master 6ef6a3f] first
 4 files changed, 4 insertions(+), 67 deletions(-)
 delete mode 100644 _posts/test.Rmd
 delete mode 100644 _posts/test.md
 delete mode 100644 _posts/test_files/figure-markdown_github/pressure-1.png
]0;/home/rstudio/rstudio/dgolicher.github.iorstudio@ab10bc041bf7:~/rstudio/dgolicher.github.io$ git commit -m "first"add .[Kpush -u origin master
Counting objects: 4, done.
Delta compression using up to 16 threads.
Compressing objects:  25% (1/4)   Compressing objects:  50% (2/4)   Compressing objects:  75% (3/4)   Compressing objects: 100% (4/4)   Compressing objects: 100% (4/4), done.
Writing objects:  25% (1/4)   Writing objects:  50% (2/4)   Writing objects:  75% (3/4)   Writing objects: 100% (4/4)   Writing objects: 100% (4/4), 390 bytes | 0 bytes/s, done.
Total 4 (delta 3), reused 0 (delta 0)
remote: Resolving deltas:   0% (0/3)[Kremote: Resolving deltas:  33% (1/3)[Kremote: Resolving deltas:  66% (2/3)[Kremote: Resolving deltas: 100% (3/3)[Kremote: Resolving deltas: 100% (3/3), completed with 3 local objects.[K
To https://github.com/dgolicher/dgolicher.github.io.git
   ef197f3..6ef6a3f  master -> master
Branch master set up to track remote branch master from origin.
]0;/home/rstudio/rstudio/dgolicher.github.iorstudio@ab10bc041bf7:~/rstudio/dgolicher.github.io$ git push -u origin master[4Pcommit -m "first"add .[K
]0;/home/rstudio/rstudio/dgolicher.github.iorstudio@ab10bc041bf7:~/rstudio/dgolicher.github.io$ git add .push -u origin master[4Pcommit -m "first"
[master 200831d] first
 2 files changed, 206 insertions(+)
 create mode 100644 _posts/Bayes test.Rmd
 create mode 100644 _posts/Bayes_test.html
]0;/home/rstudio/rstudio/dgolicher.github.iorstudio@ab10bc041bf7:~/rstudio/dgolicher.github.io$ git commit -m "first"add .[Kpush -u origin master
Counting objects: 5, done.
Delta compression using up to 16 threads.
Compressing objects:  20% (1/5)   Compressing objects:  40% (2/5)   Compressing objects:  60% (3/5)   Compressing objects:  80% (4/5)   Compressing objects: 100% (5/5)   Compressing objects: 100% (5/5), done.
Writing objects:  20% (1/5)   Writing objects:  40% (2/5)   Writing objects:  60% (3/5)   Writing objects:  80% (4/5)   Writing objects: 100% (5/5)   Writing objects: 100% (5/5), 350.91 KiB | 0 bytes/s, done.
Total 5 (delta 2), reused 0 (delta 0)
remote: Resolving deltas:   0% (0/2)[Kremote: Resolving deltas:  50% (1/2)[Kremote: Resolving deltas: 100% (2/2)[Kremote: Resolving deltas: 100% (2/2), completed with 2 local objects.[K
To https://github.com/dgolicher/dgolicher.github.io.git
   6ef6a3f..200831d  master -> master
Branch master set up to track remote branch master from origin.
]0;/home/rstudio/rstudio/dgolicher.github.iorstudio@ab10bc041bf7:~/rstudio/dgolicher.github.io$ git push -u origin master[4Pcommit -m "first"
On branch master
Your branch is up-to-date with 'origin/master'.
Untracked files:
	[31m_posts/2020-6-6-Bayes test.Rmd[m
	[31m_posts/2020-6-6-Bayes_test.html[m

nothing added to commit but untracked files present
]0;/home/rstudio/rstudio/dgolicher.github.iorstudio@ab10bc041bf7:~/rstudio/dgolicher.github.io$ git commit -m "first"push -u origin master[4Pcommit -m "first"add .[K
]0;/home/rstudio/rstudio/dgolicher.github.iorstudio@ab10bc041bf7:~/rstudio/dgolicher.github.io$ git add .commit -m "first"
[master 1317fb6] first
 2 files changed, 206 insertions(+)
 create mode 100644 _posts/2020-6-6-Bayes test.Rmd
 create mode 100644 _posts/2020-6-6-Bayes_test.html
]0;/home/rstudio/rstudio/dgolicher.github.iorstudio@ab10bc041bf7:~/rstudio/dgolicher.github.io$ git commit -m "first"add .[Kcommit -m "first"push -u origin master
Counting objects: 3, done.
Delta compression using up to 16 threads.
Compressing objects:  33% (1/3)   Compressing objects:  66% (2/3)   Compressing objects: 100% (3/3)   Compressing objects: 100% (3/3), done.
Writing objects:  33% (1/3)   Writing objects:  66% (2/3)   Writing objects: 100% (3/3)   Writing objects: 100% (3/3), 295 bytes | 0 bytes/s, done.
Total 3 (delta 2), reused 0 (delta 0)
remote: Resolving deltas:   0% (0/2)[Kremote: Resolving deltas:  50% (1/2)[Kremote: Resolving deltas: 100% (2/2)[Kremote: Resolving deltas: 100% (2/2), completed with 2 local objects.[K
To https://github.com/dgolicher/dgolicher.github.io.git
   200831d..1317fb6  master -> master
Branch master set up to track remote branch master from origin.
]0;/home/rstudio/rstudio/dgolicher.github.iorstudio@ab10bc041bf7:~/rstudio/dgolicher.github.io$ git push -u origin master[4Pcommit -m "first"add .[K
]0;/home/rstudio/rstudio/dgolicher.github.iorstudio@ab10bc041bf7:~/rstudio/dgolicher.github.io$ git add .push -u origin master
Branch master set up to track remote branch master from origin.
Everything up-to-date
]0;/home/rstudio/rstudio/dgolicher.github.iorstudio@ab10bc041bf7:~/rstudio/dgolicher.github.io$ git push -u origin masteradd .[K
]0;/home/rstudio/rstudio/dgolicher.github.iorstudio@ab10bc041bf7:~/rstudio/dgolicher.github.io$ git add .push -u origin masteradd .[Kpush -u origin master[4Pcommit -m "first"
[master 036c983] first
 6 files changed, 38 insertions(+), 182 deletions(-)
 delete mode 100644 _posts/2020-6-6-Bayes_test.html
 create mode 100644 _posts/2020-6-6-Bayes_test.md
 create mode 100644 _posts/2020-6-6-Bayes_test_files/figure-markdown_github/unnamed-chunk-1-1.png
 create mode 100644 _posts/2020-6-6-Bayes_test_files/figure-markdown_github/unnamed-chunk-1-2.png
 create mode 100644 _posts/2020-6-6-Bayes_test_files/figure-markdown_github/unnamed-chunk-1-3.png
]0;/home/rstudio/rstudio/dgolicher.github.iorstudio@ab10bc041bf7:~/rstudio/dgolicher.github.io$ git commit -m "first"add .[Kpush -u origin master
Counting objects: 10, done.
Delta compression using up to 16 threads.
Compressing objects:  11% (1/9)   Compressing objects:  22% (2/9)   Compressing objects:  33% (3/9)   Compressing objects:  44% (4/9)   Compressing objects:  55% (5/9)   Compressing objects:  66% (6/9)   Compressing objects:  77% (7/9)   Compressing objects:  88% (8/9)   Compressing objects: 100% (9/9)   Compressing objects: 100% (9/9), done.
Writing objects:  10% (1/10)   Writing objects:  20% (2/10)   Writing objects:  30% (3/10)   Writing objects:  40% (4/10)   Writing objects:  50% (5/10)   Writing objects:  60% (6/10)   Writing objects:  70% (7/10)   Writing objects:  80% (8/10)   Writing objects:  90% (9/10)   Writing objects: 100% (10/10)   Writing objects: 100% (10/10), 48.06 KiB | 0 bytes/s, done.
Total 10 (delta 3), reused 0 (delta 0)
remote: Resolving deltas:   0% (0/3)[Kremote: Resolving deltas:  33% (1/3)[Kremote: Resolving deltas:  66% (2/3)[Kremote: Resolving deltas: 100% (3/3)[Kremote: Resolving deltas: 100% (3/3), completed with 3 local objects.[K
To https://github.com/dgolicher/dgolicher.github.io.git
   1317fb6..036c983  master -> master
Branch master set up to track remote branch master from origin.
]0;/home/rstudio/rstudio/dgolicher.github.iorstudio@ab10bc041bf7:~/rstudio/dgolicher.github.io$ git push -u origin master[4Pcommit -m "first"add .[K
]0;/home/rstudio/rstudio/dgolicher.github.iorstudio@ab10bc041bf7:~/rstudio/dgolicher.github.io$ git add .push -u origin master[4Pcommit -m "first"
[master e9ec829] first
 2 files changed, 210 insertions(+), 18 deletions(-)
 create mode 100644 index.Rmd
 rewrite index.html (98%)
]0;/home/rstudio/rstudio/dgolicher.github.iorstudio@ab10bc041bf7:~/rstudio/dgolicher.github.io$ git commit -m "first"add .[Kpush -u origin master
Counting objects: 4, done.
Delta compression using up to 16 threads.
Compressing objects:  25% (1/4)   Compressing objects:  50% (2/4)   Compressing objects:  75% (3/4)   Compressing objects: 100% (4/4)   Compressing objects: 100% (4/4), done.
Writing objects:  25% (1/4)   Writing objects:  50% (2/4)   Writing objects:  75% (3/4)   Writing objects: 100% (4/4)   Writing objects: 100% (4/4), 248.85 KiB | 0 bytes/s, done.
Total 4 (delta 1), reused 0 (delta 0)

^C
]0;/home/rstudio/rstudio/dgolicher.github.iorstudio@ab10bc041bf7:~/rstudio/dgolicher.github.io$ git push -u origin master[4Pcommit -m "first"add .[K
]0;/home/rstudio/rstudio/dgolicher.github.iorstudio@ab10bc041bf7:~/rstudio/dgolicher.github.io$ git add .push -u origin master
Branch master set up to track remote branch master from origin.
Everything up-to-date
]0;/home/rstudio/rstudio/dgolicher.github.iorstudio@ab10bc041bf7:~/rstudio/dgolicher.github.io$ git push -u origin masteradd .[K
]0;/home/rstudio/rstudio/dgolicher.github.iorstudio@ab10bc041bf7:~/rstudio/dgolicher.github.io$ git add .push -u origin masteradd .[Kpush -u origin master[4Pcommit -m "first"add .[Kcommit -m "first"
[master 12a5afd] first
 70 files changed, 439 insertions(+), 1315 deletions(-)
 create mode 100644 .Rproj.user/C51E8E72/console06/381432DE
 create mode 100644 .Rproj.user/C51E8E72/console06/381432DE.env
 create mode 100644 .Rproj.user/C51E8E72/console06/INDEX001
 create mode 100644 .Rproj.user/C51E8E72/sources/prop/364B7600
 create mode 100644 .Rproj.user/C51E8E72/sources/prop/43942071
 create mode 100644 .Rproj.user/C51E8E72/sources/prop/5C2DE054
 create mode 100644 .Rproj.user/C51E8E72/sources/prop/6FB381F4
 create mode 100644 .Rproj.user/C51E8E72/sources/prop/6FC8A3FD
 create mode 100644 .Rproj.user/C51E8E72/sources/prop/78206823
 create mode 100644 .Rproj.user/C51E8E72/sources/prop/DECE5787
 create mode 100644 .Rproj.user/C51E8E72/sources/prop/E73799DE
 create mode 100644 .Rproj.user/C51E8E72/sources/prop/E7B01026
 create mode 100644 .Rproj.user/C51E8E72/sources/prop/INDEX
 create mode 100644 .Rproj.user/C51E8E72/sources/s-cf2bc663/3C82588F
 rename index.Rmd => .Rproj.user/C51E8E72/sources/s-cf2bc663/3C82588F-contents (100%)
 create mode 100644 .Rproj.user/C51E8E72/sources/s-cf2bc663/432516DC-contents
 create mode 100644 .Rproj.user/C51E8E72/sources/s-cf2bc663/54286B0C
 rename _posts/2020-6-6-test.Rmd => .Rproj.user/C51E8E72/sources/s-cf2bc663/54286B0C-contents (100%)
 create mode 100644 .Rproj.user/C51E8E72/sources/s-cf2bc663/62C22D19
 rename _posts/2020-6-6-Bayes test.Rmd => .Rproj.user/C51E8E72/sources/s-cf2bc663/62C22D19-contents (100%)
 create mode 100644 .Rproj.user/C51E8E72/sources/s-cf2bc663/8589AD51
 rename _posts/2020-6-6-test.md => .Rproj.user/C51E8E72/sources/s-cf2bc663/8589AD51-contents (100%)
 create mode 100644 .Rproj.user/C51E8E72/sources/s-cf2bc663/E030913F-contents
 create mode 100644 .Rproj.user/C51E8E72/sources/s-cf2bc663/FFF05A7
 rename _posts/2014-3-3-Hello-World.md => .Rproj.user/C51E8E72/sources/s-cf2bc663/FFF05A7-contents (100%)
 create mode 100644 .Rproj.user/C51E8E72/sources/s-cf2bc663/lock_file
 create mode 100644 .Rproj.user/shared/notebooks/1BA1EB5D-Bayes test/1/C51E8E72cf2bc663/chunks.json
 create mode 100644 .Rproj.user/shared/notebooks/8A76F2E4-test/1/C51E8E72cf2bc663/chunks.json
 create mode 100644 .Rproj.user/shared/notebooks/8A76F2E4-test/1/s/chunks.json
 create mode 100644 .Rproj.user/shared/notebooks/B14B1B03-2020-6-6-Bayes test/1/C51E8E72cf2bc663/chunks.json
 create mode 100644 .Rproj.user/shared/notebooks/B14B1B03-2020-6-6-Bayes test/1/s/chunks.json
 create mode 100644 .Rproj.user/shared/notebooks/D028D882-Bayes test/1/C51E8E72cf2bc663/chunks.json
 create mode 100644 .Rproj.user/shared/notebooks/EEB659B2-2020-6-6-test/1/s/chunks.json
 create mode 100644 .Rproj.user/shared/notebooks/F694B8FE-index/1/s/chunks.json
 create mode 100644 .Rproj.user/shared/notebooks/patch-chunk-names
 create mode 100644 .Rproj.user/shared/notebooks/paths
 delete mode 100644 .gitignore
 delete mode 100644 404.md
 delete mode 100644 CNAME
 delete mode 100644 LICENSE
 delete mode 100644 README.md
 delete mode 100644 _config.yml
 delete mode 100644 _includes/analytics.html
 delete mode 100644 _includes/disqus.html
 delete mode 100644 _includes/meta.html
 delete mode 100644 _includes/svg-icons.html
 delete mode 100644 _layouts/default.html
 delete mode 100644 _layouts/page.html
 delete mode 100644 _layouts/post.html
 delete mode 100644 _posts/2020-6-6-Bayes_test.md
 delete mode 100644 _posts/2020-6-6-Bayes_test_files/figure-markdown_github/unnamed-chunk-1-1.png
 delete mode 100644 _posts/2020-6-6-Bayes_test_files/figure-markdown_github/unnamed-chunk-1-2.png
 delete mode 100644 _posts/2020-6-6-Bayes_test_files/figure-markdown_github/unnamed-chunk-1-3.png
 delete mode 100644 _posts/2020-6-6-test_files/figure-markdown_github/pressure-1.png
 delete mode 100644 _posts/Bayes test.Rmd
 delete mode 100644 _posts/Bayes_test.html
 delete mode 100644 _sass/_highlights.scss
 delete mode 100644 _sass/_reset.scss
 delete mode 100644 _sass/_svg-icons.scss
 delete mode 100644 _sass/_variables.scss
 delete mode 100644 about.md
 delete mode 100644 dgolicher.github.io.Rproj
 delete mode 100644 images/404.jpg
 delete mode 100644 images/config.png
 delete mode 100644 images/first-post.png
 delete mode 100644 images/jekyll-logo.png
 delete mode 100644 images/jekyll-now-theme-screenshot.jpg
 delete mode 100644 images/step1.gif
 delete mode 100644 index.html
 delete mode 100644 style.scss
]0;/home/rstudio/rstudio/dgolicher.github.iorstudio@ab10bc041bf7:~/rstudio/dgolicher.github.io$ git commit -m "first"add .[Kpush -u origin master
Counting objects: 52, done.
Delta compression using up to 16 threads.
Compressing objects:   3% (1/29)   Compressing objects:   6% (2/29)   Compressing objects:  10% (3/29)   Compressing objects:  13% (4/29)   Compressing objects:  17% (5/29)   Compressing objects:  20% (6/29)   Compressing objects:  24% (7/29)   Compressing objects:  27% (8/29)   Compressing objects:  31% (9/29)   Compressing objects:  34% (10/29)   Compressing objects:  37% (11/29)   Compressing objects:  41% (12/29)   Compressing objects:  44% (13/29)   Compressing objects:  48% (14/29)   Compressing objects:  51% (15/29)   Compressing objects:  55% (16/29)   Compressing objects:  58% (17/29)   Compressing objects:  62% (18/29)   Compressing objects:  65% (19/29)   Compressing objects:  68% (20/29)   Compressing objects:  72% (21/29)   Compressing objects:  75% (22/29)   Compressing objects:  79% (23/29)   Compressing objects:  82% (24/29)   Compressing objects:  86% (25/29)   Compressing objects:  89% (26/29)   Compressing objects:  93% (27/29)   Compressing objects:  96% (28/29)   Compressing objects: 100% (29/29)   Compressing objects: 100% (29/29), done.
Writing objects:   1% (1/52)   Writing objects:   3% (2/52)   Writing objects:   5% (3/52)   Writing objects:   7% (4/52)   Writing objects:   9% (5/52)   Writing objects:  11% (6/52)   Writing objects:  13% (7/52)   Writing objects:  15% (8/52)   Writing objects:  17% (9/52)   Writing objects:  19% (10/52)   Writing objects:  21% (11/52)   Writing objects:  23% (12/52)   Writing objects:  26% (14/52)   Writing objects:  28% (15/52)   Writing objects:  30% (16/52)   Writing objects:  32% (17/52)   Writing objects:  34% (18/52)   Writing objects:  36% (19/52)   Writing objects:  38% (20/52)   Writing objects:  40% (21/52)   Writing objects:  42% (22/52)   Writing objects:  44% (23/52)   Writing objects:  46% (24/52)   Writing objects:  48% (25/52)   Writing objects:  50% (26/52)   Writing objects:  51% (27/52)   Writing objects:  53% (28/52)   Writing objects:  55% (29/52)   Writing objects:  57% (30/52)   Writing objects:  59% (31/52)   Writing objects:  61% (32/52)   Writing objects:  63% (33/52)   Writing objects:  65% (34/52)   Writing objects:  67% (35/52)   Writing objects:  69% (36/52)   Writing objects:  71% (37/52)   Writing objects:  73% (38/52)   Writing objects:  75% (39/52)   Writing objects:  76% (40/52)   Writing objects:  78% (41/52)   Writing objects:  80% (42/52)   Writing objects:  82% (43/52)   Writing objects:  84% (44/52)   Writing objects:  86% (45/52)   Writing objects:  88% (46/52)   Writing objects:  90% (47/52)   Writing objects:  92% (48/52)   Writing objects:  94% (49/52)   Writing objects:  96% (50/52)   Writing objects:  98% (51/52)   Writing objects: 100% (52/52)   Writing objects: 100% (52/52), 7.81 KiB | 0 bytes/s, done.
Total 52 (delta 5), reused 1 (delta 0)
remote: Resolving deltas:   0% (0/5)[Kremote: Resolving deltas:  20% (1/5)[Kremote: Resolving deltas: 100% (5/5)[Kremote: Resolving deltas: 100% (5/5), done.[K
To https://github.com/dgolicher/dgolicher.github.io.git
   e9ec829..12a5afd  master -> master
Branch master set up to track remote branch master from origin.
]0;/home/rstudio/rstudio/dgolicher.github.iorstudio@ab10bc041bf7:~/rstudio/dgolicher.github.io$ git push -u origin master[4Pcommit -m "first"add .[K
]0;/home/rstudio/rstudio/dgolicher.github.iorstudio@ab10bc041bf7:~/rstudio/dgolicher.github.io$ git add .push -u origin master[4Pcommit -m "first"
[master 0e4f3c5] first
 6 files changed, 300 insertions(+), 5 deletions(-)
 create mode 100644 .Rproj.user/shared/notebooks/F694B8FE-index/1/C51E8E72cf2bc663/chunks.json
 create mode 100644 index.Rmd
 create mode 100644 index.html
]0;/home/rstudio/rstudio/dgolicher.github.iorstudio@ab10bc041bf7:~/rstudio/dgolicher.github.io$ git commit -m "first"add .[Kpush -u origin master
Counting objects: 16, done.
Delta compression using up to 16 threads.
Compressing objects:   7% (1/13)   Compressing objects:  15% (2/13)   Compressing objects:  23% (3/13)   Compressing objects:  30% (4/13)   Compressing objects:  38% (5/13)   Compressing objects:  46% (6/13)   Compressing objects:  53% (7/13)   Compressing objects:  61% (8/13)   Compressing objects:  69% (9/13)   Compressing objects:  76% (10/13)   Compressing objects:  84% (11/13)   Compressing objects:  92% (12/13)   Compressing objects: 100% (13/13)   Compressing objects: 100% (13/13), done.
Writing objects:   6% (1/16)   Writing objects:  12% (2/16)   Writing objects:  18% (3/16)   Writing objects:  25% (4/16)   Writing objects:  31% (5/16)   Writing objects:  37% (6/16)   Writing objects:  43% (7/16)   Writing objects:  50% (8/16)   Writing objects:  56% (9/16)   Writing objects:  62% (10/16)   Writing objects:  68% (11/16)   Writing objects:  75% (12/16)   Writing objects:  81% (13/16)   Writing objects:  87% (14/16)   Writing objects:  93% (15/16)   Writing objects: 100% (16/16)   Writing objects: 100% (16/16), 250.60 KiB | 0 bytes/s, done.
Total 16 (delta 4), reused 0 (delta 0)
remote: Resolving deltas:   0% (0/4)[Kremote: Resolving deltas:  25% (1/4)[Kremote: Resolving deltas:  50% (2/4)[Kremote: Resolving deltas:  75% (3/4)[Kremote: Resolving deltas: 100% (4/4)[Kremote: Resolving deltas: 100% (4/4), completed with 4 local objects.[K
To https://github.com/dgolicher/dgolicher.github.io.git
   12a5afd..0e4f3c5  master -> master
Branch master set up to track remote branch master from origin.
]0;/home/rstudio/rstudio/dgolicher.github.iorstudio@ab10bc041bf7:~/rstudio/dgolicher.github.io$ echo "Hello World" > index.html
]0;/home/rstudio/rstudio/dgolicher.github.iorstudio@ab10bc041bf7:~/rstudio/dgolicher.github.io$ echo "Hello World" > index.html[6Pgit push -u origin master[4Pcommit -m "first"add .[K